---
source: crates/diagnostics/src/parse_lsp_snapshots.rs
assertion_line: 130
expression: "snapshot_lsp_json(src, &bundle)"
---
[
  {
    "range": {
      "start": {
        "line": 1,
        "character": 8
      },
      "end": {
        "line": 1,
        "character": 9
      }
    },
    "message": "expected expression, found ')'",
    "severity": 1,
    "code": "parse::syntax"
  }
]
