---
source: crates/parser/src/lib.rs
expression: "&parse.debug_tree()"
info:
  code: "\n      let x = 10;\n      f y(x) = x * 2;\n    "
---
Root@0..45
  Whitespace@0..7 "\n      "
  LetStatement@7..17
    Let@7..10 "let"
    Whitespace@10..11 " "
    Identifier@11..12 "x"
    Whitespace@12..13 " "
    Equals@13..14 "="
    Whitespace@14..15 " "
    Number@15..17
      Number@15..17 "10"
  Semicolon@17..18 ";"
  Whitespace@18..25 "\n      "
  NamedFunctionExpression@25..39
    Function@25..26 "f"
    Whitespace@26..27 " "
    Identifier@27..28 "y"
    ArgumentList@28..32
      LeftParenthesis@28..29 "("
      VariableReference@29..30
        Identifier@29..30 "x"
      RightParenthesis@30..31 ")"
      Whitespace@31..32 " "
    Equals@32..33 "="
    Whitespace@33..34 " "
    InfixExpression@34..39
      VariableReference@34..36
        Identifier@34..35 "x"
        Whitespace@35..36 " "
      Asterisk@36..37 "*"
      Whitespace@37..38 " "
      Number@38..39
        Number@38..39 "2"
  Semicolon@39..40 ";"
  Whitespace@40..45 "\n    "
