---
source: crates/parser/src/lib.rs
expression: "& parse.debug_tree()"
info:
  code: "use std::collections::hash_map::{HashMap};"
---
Root@0..42
  UseStatement@0..42
    Use@0..3 "use"
    Whitespace@3..4 " "
    UsePath@4..30
      Identifier@4..7 "std"
      DoubleColon@7..9 "::"
      Identifier@9..20 "collections"
      DoubleColon@20..22 "::"
      Identifier@22..30 "hash_map"
    DoubleColon@30..32 "::"
    LeftBrace@32..33 "{"
    UseList@33..40
      Identifier@33..40 "HashMap"
    RightBrace@40..41 "}"
    Semicolon@41..42 ";"
