---
source: crates/parser/src/lib.rs
expression: "&parse.debug_tree()"
---
Root@0..51
  Whitespace@0..9 "\n        "
  LetStatement@9..19
    Let@9..12 "let"
    Whitespace@12..13 " "
    Identifier@13..14 "x"
    Whitespace@14..15 " "
    Equals@15..16 "="
    Whitespace@16..17 " "
    Number@17..19
      Number@17..19 "10"
  Semicolon@19..20 ";"
  Whitespace@20..29 "\n        "
  NamedFunctionExpression@29..43
    Function@29..30 "f"
    Whitespace@30..31 " "
    Identifier@31..32 "y"
    ArgumentList@32..36
      LeftParenthesis@32..33 "("
      VariableReference@33..34
        Identifier@33..34 "x"
      RightParenthesis@34..35 ")"
      Whitespace@35..36 " "
    Equals@36..37 "="
    Whitespace@37..38 " "
    InfixExpression@38..43
      VariableReference@38..40
        Identifier@38..39 "x"
        Whitespace@39..40 " "
      Asterisk@40..41 "*"
      Whitespace@41..42 " "
      Number@42..43
        Number@42..43 "2"
  Semicolon@43..44 ";"
  Whitespace@44..51 "\n      "
