---
source: crates/parser/src/lib.rs
expression: "&parse.debug_tree()"
info:
  code: "\n      if x > 0 {\n        x + 1\n      } else {\n        x - 1\n      }\n    "
---
Root@0..73
  Whitespace@0..7 "\n      "
  ConditionalExpression@7..73
    If@7..9 "if"
    Whitespace@9..10 " "
    ConditionalPredicate@10..16
      InfixExpression@10..16
        VariableReference@10..12
          Identifier@10..11 "x"
          Whitespace@11..12 " "
        GreaterThan@12..13 ">"
        Whitespace@13..14 " "
        Number@14..16
          Number@14..15 "0"
          Whitespace@15..16 " "
    LeftBrace@16..17 "{"
    Whitespace@17..26 "\n        "
    IfCondition@26..38
      InfixExpression@26..38
        VariableReference@26..28
          Identifier@26..27 "x"
          Whitespace@27..28 " "
        Plus@28..29 "+"
        Whitespace@29..30 " "
        Number@30..38
          Number@30..31 "1"
          Whitespace@31..38 "\n      "
    RightBrace@38..39 "}"
    Whitespace@39..40 " "
    Else@40..44 "else"
    Whitespace@44..45 " "
    LeftBrace@45..46 "{"
    Whitespace@46..55 "\n        "
    ElseCondition@55..67
      InfixExpression@55..67
        VariableReference@55..57
          Identifier@55..56 "x"
          Whitespace@56..57 " "
        Minus@57..58 "-"
        Whitespace@58..59 " "
        Number@59..67
          Number@59..60 "1"
          Whitespace@60..67 "\n      "
    RightBrace@67..68 "}"
    Whitespace@68..73 "\n    "
