---
source: crates/parser/src/lib.rs
expression: "& parse.debug_tree()"
info:
  code: "\n      use foo::bar::{quux};\n      pub let one = 1;\n      let two = quux;\n    "
---
Root@0..78
  Whitespace@0..7 "\n      "
  UseStatement@7..35
    Use@7..10 "use"
    Whitespace@10..11 " "
    UsePath@11..19
      Identifier@11..14 "foo"
      DoubleColon@14..16 "::"
      Identifier@16..19 "bar"
    DoubleColon@19..21 "::"
    LeftBrace@21..22 "{"
    UseList@22..26
      Identifier@22..26 "quux"
    RightBrace@26..27 "}"
    Semicolon@27..28 ";"
    Whitespace@28..35 "\n      "
  LetStatement@35..50
    Pub@35..38 "pub"
    Whitespace@38..39 " "
    Let@39..42 "let"
    Whitespace@42..43 " "
    Identifier@43..46 "one"
    Whitespace@46..47 " "
    Equals@47..48 "="
    Whitespace@48..49 " "
    Number@49..50
      Number@49..50 "1"
  Semicolon@50..51 ";"
  Whitespace@51..58 "\n      "
  LetStatement@58..72
    Let@58..61 "let"
    Whitespace@61..62 " "
    Identifier@62..65 "two"
    Whitespace@65..66 " "
    Equals@66..67 "="
    Whitespace@67..68 " "
    VariableReference@68..72
      Identifier@68..72 "quux"
  Semicolon@72..73 ";"
  Whitespace@73..78 "\n    "
