---
source: tests/tycheck.rs
expression: output
---
[type::parameter_constraint] Error: object anonymous must provide `moo()`
   ╭─[ test.ds:5:5 ]
   │
 5 │ moo({{ bark: f() = "bark" }})
   │     ────────────┬───────────  
   │                 ╰───────────── object anonymous must provide `moo()`
───╯

